com\example\DatabaseUtil.class
com\example\ReportingService.class
com\example\BankingSystem.class
com\example\gui\CreateAccountDialog$1.class
com\example\forms\ViewAccountForm.class
com\example\forms\DepositForm.class
com\example\gui\DepositDialog$1.class
com\example\forms\WithdrawForm.class
com\example\gui\BankingAppSwing.class
com\example\actions\DepositAction.class
com\example\BankingServlet.class
com\example\TransactionDAO.class
com\example\actions\WithdrawAction.class
com\example\gui\ViewAccountDialog.class
com\example\gui\WithdrawDialog.class
com\example\actions\CreateAccountAction.class
com\example\gui\CreateAccountDialog.class
com\example\gui\WithdrawDialog$1.class
com\example\AccountDAO.class
com\example\AccountDetails.class
com\example\gui\CreateAccountDialog$2.class
com\example\forms\AccountForm.class
com\example\gui\DepositDialog.class
com\example\Transaction.class
com\example\actions\ViewAccountAction.class
com\example\gui\WithdrawDialog$2.class
com\example\gui\DepositDialog$2.class
