C:\Users\Mounika\eclipse-workspace\Banking_System\src\main\java\com\example\forms\ViewAccountForm.java
C:\Users\Mounika\eclipse-workspace\Banking_System\src\main\java\com\example\gui\BankingAppSwing.java
C:\Users\Mounika\eclipse-workspace\Banking_System\src\main\java\com\example\TransactionDAO.java
C:\Users\Mounika\eclipse-workspace\Banking_System\src\main\java\com\example\DatabaseUtil.java
C:\Users\Mounika\eclipse-workspace\Banking_System\src\main\java\com\example\gui\DepositDialog.java
C:\Users\Mounika\eclipse-workspace\Banking_System\src\main\java\com\example\BankingSystem.java
C:\Users\Mounika\eclipse-workspace\Banking_System\src\main\java\com\example\forms\WithdrawForm.java
C:\Users\Mounika\eclipse-workspace\Banking_System\src\main\java\com\example\actions\ViewAccountAction.java
C:\Users\Mounika\eclipse-workspace\Banking_System\src\main\java\com\example\gui\WithdrawDialog.java
C:\Users\Mounika\eclipse-workspace\Banking_System\src\main\java\com\example\ReportingService.java
C:\Users\Mounika\eclipse-workspace\Banking_System\src\main\java\com\example\gui\CreateAccountDialog.java
C:\Users\Mounika\eclipse-workspace\Banking_System\src\main\java\com\example\Transaction.java
C:\Users\Mounika\eclipse-workspace\Banking_System\src\main\java\com\example\actions\DepositAction.java
C:\Users\Mounika\eclipse-workspace\Banking_System\src\main\java\com\example\BankingServlet.java
C:\Users\Mounika\eclipse-workspace\Banking_System\src\main\java\com\example\forms\DepositForm.java
C:\Users\Mounika\eclipse-workspace\Banking_System\src\main\java\com\example\forms\AccountForm.java
C:\Users\Mounika\eclipse-workspace\Banking_System\src\main\java\com\example\actions\CreateAccountAction.java
C:\Users\Mounika\eclipse-workspace\Banking_System\src\main\java\com\example\AccountDAO.java
C:\Users\Mounika\eclipse-workspace\Banking_System\src\main\java\com\example\AccountDetails.java
C:\Users\Mounika\eclipse-workspace\Banking_System\src\main\java\com\example\gui\ViewAccountDialog.java
C:\Users\Mounika\eclipse-workspace\Banking_System\src\main\java\com\example\actions\WithdrawAction.java
